#-----------------------------------------------------------
# Vivado v2016.3 (64-bit)
# SW Build 1682563 on Mon Oct 10 19:07:26 MDT 2016
# IP Build 1681267 on Mon Oct 10 21:28:31 MDT 2016
# Start of session at: Mon Jan 23 22:28:55 2017
# Process ID: 3593
# Current directory: /home/sorina/Desktop/Laboratory/cern_winter_school/hdl/synthesis/vivado_project/BuzzerLED/BuzzerLED.runs/BuzzerLED_block_design_auto_pc_0_synth_1
# Command line: vivado -log BuzzerLED_block_design_auto_pc_0.vds -product Vivado -mode batch -messageDb vivado.pb -notrace -source BuzzerLED_block_design_auto_pc_0.tcl
# Log file: /home/sorina/Desktop/Laboratory/cern_winter_school/hdl/synthesis/vivado_project/BuzzerLED/BuzzerLED.runs/BuzzerLED_block_design_auto_pc_0_synth_1/BuzzerLED_block_design_auto_pc_0.vds
# Journal file: /home/sorina/Desktop/Laboratory/cern_winter_school/hdl/synthesis/vivado_project/BuzzerLED/BuzzerLED.runs/BuzzerLED_block_design_auto_pc_0_synth_1/vivado.jou
#-----------------------------------------------------------
source BuzzerLED_block_design_auto_pc_0.tcl -notrace
