17:02:15 **** Auto Build of configuration Release for project PWM_AXI_Tutorial ****
make pre-build main-build 
a9-linaro-pre-build-step
 
Building file: ../src/main.c
Invoking: ARM v7 gcc compiler
arm-none-eabi-gcc -Wall -O2 -c -fmessage-length=0 -MT"src/main.o" -mcpu=cortex-a9 -mfpu=vfpv3 -mfloat-abi=hard -I../../PWM_AXI_Tutorial_bsp/ps7_cortexa9_0/include -MMD -MP -MF"src/main.d" -MT"src/main.o" -o "src/main.o" "../src/main.c"
Finished building: ../src/main.c
 
Building target: PWM_AXI_Tutorial.elf
Invoking: ARM v7 gcc linker
arm-none-eabi-gcc -mcpu=cortex-a9 -mfpu=vfpv3 -mfloat-abi=hard -Wl,-build-id=none -specs=Xilinx.spec -Wl,-T -Wl,../src/lscript.ld -L../../PWM_AXI_Tutorial_bsp/ps7_cortexa9_0/lib -o "PWM_AXI_Tutorial.elf"  ./src/itoa_fcn.o ./src/main.o ./src/platform.o   -Wl,--start-group,-lxil,-lgcc,-lc,--end-group
Finished building target: PWM_AXI_Tutorial.elf
 
Invoking: ARM v7 Print Size
arm-none-eabi-size PWM_AXI_Tutorial.elf  |tee "PWM_AXI_Tutorial.elf.size"
   text	   data	    bss	    dec	    hex	filename
  23512	   1148	  22568	  47228	   b87c	PWM_AXI_Tutorial.elf
Finished building: PWM_AXI_Tutorial.elf.size
 

17:02:15 Build Finished (took 419ms)

